{
    "hmtnote test": {
        "content": [
            {
                "0": [
                    [
                        {
                            "id": "test"
                        },
                        "test_annotate.vcf:md5,6627d87e41823eb026deb8e196855163"
                    ]
                ],
                "1": [
                    "versions.yml:md5,8ee58af72515ea6d362a7721c3ba1340"
                ],
                "vcf": [
                    [
                        {
                            "id": "test"
                        },
                        "test_annotate.vcf:md5,6627d87e41823eb026deb8e196855163"
                    ]
                ],
                "versions": [
                    "versions.yml:md5,8ee58af72515ea6d362a7721c3ba1340"
                ]
            }
        ],
        "timestamp": "2024-02-13T11:43:41.894165395"
    }
}