{
    "homo_sapiens - [ bam, bai, fusions ], [], [], []": {
        "content": [
            {
                "0": [
                    
                ],
                "1": [
                    
                ],
                "pdf": [
                    
                ],
                "versions": [
                    
                ]
            }
        ],
        "meta": {
            "nf-test": "0.8.4",
            "nextflow": "23.10.1"
        },
        "timestamp": "2024-08-12T09:26:29.682002"
    }
}